AR mipssinglecycle_moustafamamdouhsabry18101997 behavioral F:/Xilinx_Files/MIPS_SingleCycle_MoustafaMamdouhSabry18101997/MIPSSingleCycle_MoustafaMamdouhSabry18101997.vhd sub00/vhpl25 1622926179
EN register_moustafamamdouhsabry18101997 NULL "C:/Users/Hp/Desktop/CC311/Report/New folder/MIPSM_SingleCycle_MoustafaMamdouhSabry18101997/MIPS_SingleCycle_MoustafaMamdouhSabry18101997/Register_MoustafamamdouhSabry18101997.vhd" sub00/vhpl20 1622973281
EN alucontrol_moustarfamamdouhsabry18101997 NULL "C:/Users/Hp/Desktop/CC311/Report/New folder/MIPSM_SingleCycle_MoustafaMamdouhSabry18101997/MIPS_SingleCycle_MoustafaMamdouhSabry18101997/ALUControl_MoustarfaMamdouhSabry18101997.vhd" sub00/vhpl18 1622973277
AR controlunit_moustafamamdouhsabry18101997 behavioral "C:/Users/Hp/Desktop/CC311/Report/New folder/MIPSM_SingleCycle_MoustafaMamdouhSabry18101997/MIPS_SingleCycle_MoustafaMamdouhSabry18101997/ControlUnit_MoustafaMamdouhSabry18101997.vhd" sub00/vhpl13 1622973270
EN signextend_moustafamamdouhsabry18101997 NULL "C:/Users/Hp/Desktop/CC311/Report/New folder/MIPSM_SingleCycle_MoustafaMamdouhSabry18101997/MIPS_SingleCycle_MoustafaMamdouhSabry18101997/SignExtend_MoustafaMamdouhSabry18101997.vhd" sub00/vhpl14 1622973273
EN adder_moustafamamdouhsabry18101997 NULL "C:/Users/Hp/Desktop/CC311/Report/New folder/MIPSM_SingleCycle_MoustafaMamdouhSabry18101997/MIPS_SingleCycle_MoustafaMamdouhSabry18101997/Adder_MoustafaMamdouhSabry18101997.vhd" sub00/vhpl08 1622973279
EN alumain_moustafamamdouhsabry18101997 NULL "C:/Users/Hp/Desktop/CC311/Report/New folder/MIPSM_SingleCycle_MoustafaMamdouhSabry18101997/MIPS_SingleCycle_MoustafaMamdouhSabry18101997/ALUMain_MoustafaMamdouhSabry18101997.vhd" sub00/vhpl16 1622973275
AR pcunit_moustafamamdouhsabry18101997 behavioral "C:/Users/Hp/Desktop/CC311/Report/New folder/MIPSM_SingleCycle_MoustafaMamdouhSabry18101997/MIPS_SingleCycle_MoustafaMamdouhSabry18101997/PCUnit_MoustafaMamdouhSabry18101997.vhd" sub00/vhpl01 1622973268
EN shitleft_moustafamamdouhsabry18101997 NULL "C:/Users/Hp/Desktop/CC311/Report/New folder/MIPSM_SingleCycle_MoustafaMamdouhSabry18101997/MIPS_SingleCycle_MoustafaMamdouhSabry18101997/ShitLeft_MoustafaMamdouhSabry18101997.vhd" sub00/vhpl10 1622973271
EN mips_singlecycle_moustafamamdouhsabry18101997 NULL "C:/Users/Hp/Desktop/CC311/Report/New folder/MIPSM_SingleCycle_MoustafaMamdouhSabry18101997/MIPS_SingleCycle_MoustafaMamdouhSabry18101997/MIPSSingleCycle_MoustafaMamdouhSabry18101997.vhd" sub00/vhpl28 1622973289
AR alucontrol_moustarfamamdouhsabry18101997 behavioral "C:/Users/Hp/Desktop/CC311/Report/New folder/MIPSM_SingleCycle_MoustafaMamdouhSabry18101997/MIPS_SingleCycle_MoustafaMamdouhSabry18101997/ALUControl_MoustarfaMamdouhSabry18101997.vhd" sub00/vhpl19 1622973278
AR singlecycle_mips_mahmoudsaeed_18102867 behavioral F:/Xilinx_Files/MIPS_SingleCycle_MoustafaMamdouhSabry18101997/MIPSSingleCycle_MoustafaMamdouhSabry18101997.vhd sub00/vhpl27 1622926719
EN instructionmemory_moustafamamdouhsabry18101997 NULL "C:/Users/Hp/Desktop/CC311/Report/New folder/MIPSM_SingleCycle_MoustafaMamdouhSabry18101997/MIPS_SingleCycle_MoustafaMamdouhSabry18101997/InstructionMemory_MoustafaMamdouhSabry18101997.vhd" sub00/vhpl02 1622973265
EN singlecycle_mips_mahmoudsaeed_18102867 NULL F:/Xilinx_Files/MIPS_SingleCycle_MoustafaMamdouhSabry18101997/MIPSSingleCycle_MoustafaMamdouhSabry18101997.vhd sub00/vhpl26 1622926718
AR signextend_moustafamamdouhsabry18101997 behavioral "C:/Users/Hp/Desktop/CC311/Report/New folder/MIPSM_SingleCycle_MoustafaMamdouhSabry18101997/MIPS_SingleCycle_MoustafaMamdouhSabry18101997/SignExtend_MoustafaMamdouhSabry18101997.vhd" sub00/vhpl15 1622973274
EN datamemory_moustafamamdouhsabry18101997 NULL "C:/Users/Hp/Desktop/CC311/Report/New folder/MIPSM_SingleCycle_MoustafaMamdouhSabry18101997/MIPS_SingleCycle_MoustafaMamdouhSabry18101997/DataMemory_MoustafaMamdouhSabry18101997.vhd" sub00/vhpl22 1622973283
AR mips_singlecycle_moustafamamdouhsabry18101997 behavioral "C:/Users/Hp/Desktop/CC311/Report/New folder/MIPSM_SingleCycle_MoustafaMamdouhSabry18101997/MIPS_SingleCycle_MoustafaMamdouhSabry18101997/MIPSSingleCycle_MoustafaMamdouhSabry18101997.vhd" sub00/vhpl29 1622973290
EN mux5b_moustafamamdouhsabry18101997 NULL "C:/Users/Hp/Desktop/CC311/Report/New folder/MIPSM_SingleCycle_MoustafaMamdouhSabry18101997/MIPS_SingleCycle_MoustafaMamdouhSabry18101997/Mux32B_MoustafaMamdouhSabry18101997.vhd" sub00/vhpl04 1622973285
AR mux5b_moustafamamdouhsabry18101997 behavioral "C:/Users/Hp/Desktop/CC311/Report/New folder/MIPSM_SingleCycle_MoustafaMamdouhSabry18101997/MIPS_SingleCycle_MoustafaMamdouhSabry18101997/Mux32B_MoustafaMamdouhSabry18101997.vhd" sub00/vhpl05 1622973286
EN controlunit_moustafamamdouhsabry18101997 NULL "C:/Users/Hp/Desktop/CC311/Report/New folder/MIPSM_SingleCycle_MoustafaMamdouhSabry18101997/MIPS_SingleCycle_MoustafaMamdouhSabry18101997/ControlUnit_MoustafaMamdouhSabry18101997.vhd" sub00/vhpl12 1622973269
AR datamemory_moustafamamdouhsabry18101997 behavioral "C:/Users/Hp/Desktop/CC311/Report/New folder/MIPSM_SingleCycle_MoustafaMamdouhSabry18101997/MIPS_SingleCycle_MoustafaMamdouhSabry18101997/DataMemory_MoustafaMamdouhSabry18101997.vhd" sub00/vhpl23 1622973284
AR instructionmemory_moustafamamdouhsabry18101997 behavioral "C:/Users/Hp/Desktop/CC311/Report/New folder/MIPSM_SingleCycle_MoustafaMamdouhSabry18101997/MIPS_SingleCycle_MoustafaMamdouhSabry18101997/InstructionMemory_MoustafaMamdouhSabry18101997.vhd" sub00/vhpl03 1622973266
EN pcunit_moustafamamdouhsabry18101997 NULL "C:/Users/Hp/Desktop/CC311/Report/New folder/MIPSM_SingleCycle_MoustafaMamdouhSabry18101997/MIPS_SingleCycle_MoustafaMamdouhSabry18101997/PCUnit_MoustafaMamdouhSabry18101997.vhd" sub00/vhpl00 1622973267
AR adder_moustafamamdouhsabry18101997 behavioral "C:/Users/Hp/Desktop/CC311/Report/New folder/MIPSM_SingleCycle_MoustafaMamdouhSabry18101997/MIPS_SingleCycle_MoustafaMamdouhSabry18101997/Adder_MoustafaMamdouhSabry18101997.vhd" sub00/vhpl09 1622973280
AR mux32b_moustafamamdouhsabry18101997 behavioral "C:/Users/Hp/Desktop/CC311/Report/New folder/MIPSM_SingleCycle_MoustafaMamdouhSabry18101997/MIPS_SingleCycle_MoustafaMamdouhSabry18101997/Mux5B_MoustafaMamdouhSabry18101997.vhd" sub00/vhpl07 1622973288
AR register_moustafamamdouhsabry18101997 behavioral "C:/Users/Hp/Desktop/CC311/Report/New folder/MIPSM_SingleCycle_MoustafaMamdouhSabry18101997/MIPS_SingleCycle_MoustafaMamdouhSabry18101997/Register_MoustafamamdouhSabry18101997.vhd" sub00/vhpl21 1622973282
EN mipssinglecycle_moustafamamdouhsabry18101997 NULL F:/Xilinx_Files/MIPS_SingleCycle_MoustafaMamdouhSabry18101997/MIPSSingleCycle_MoustafaMamdouhSabry18101997.vhd sub00/vhpl24 1622926178
EN mux32b_moustafamamdouhsabry18101997 NULL "C:/Users/Hp/Desktop/CC311/Report/New folder/MIPSM_SingleCycle_MoustafaMamdouhSabry18101997/MIPS_SingleCycle_MoustafaMamdouhSabry18101997/Mux5B_MoustafaMamdouhSabry18101997.vhd" sub00/vhpl06 1622973287
AR alumain_moustafamamdouhsabry18101997 behavioral "C:/Users/Hp/Desktop/CC311/Report/New folder/MIPSM_SingleCycle_MoustafaMamdouhSabry18101997/MIPS_SingleCycle_MoustafaMamdouhSabry18101997/ALUMain_MoustafaMamdouhSabry18101997.vhd" sub00/vhpl17 1622973276
AR shitleft_moustafamamdouhsabry18101997 behavioral "C:/Users/Hp/Desktop/CC311/Report/New folder/MIPSM_SingleCycle_MoustafaMamdouhSabry18101997/MIPS_SingleCycle_MoustafaMamdouhSabry18101997/ShitLeft_MoustafaMamdouhSabry18101997.vhd" sub00/vhpl11 1622973272
