V3 66
FL "C:/Users/Hp/Desktop/CC311/Report/New folder/MIPSM_SingleCycle_MoustafaMamdouhSabry18101997/MIPS_SingleCycle_MoustafaMamdouhSabry18101997/Adder_MoustafaMamdouhSabry18101997.vhd" 2021/06/05.21:40:34 P.58f
EN work/Adder_MoustafaMamdouhSabry18101997 1622973279 \
      FL "C:/Users/Hp/Desktop/CC311/Report/New folder/MIPSM_SingleCycle_MoustafaMamdouhSabry18101997/MIPS_SingleCycle_MoustafaMamdouhSabry18101997/Adder_MoustafaMamdouhSabry18101997.vhd" \
      PB ieee/std_logic_1164 1364358218 PB ieee/NUMERIC_STD 1364358223
AR work/Adder_MoustafaMamdouhSabry18101997/Behavioral 1622973280 \
      FL "C:/Users/Hp/Desktop/CC311/Report/New folder/MIPSM_SingleCycle_MoustafaMamdouhSabry18101997/MIPS_SingleCycle_MoustafaMamdouhSabry18101997/Adder_MoustafaMamdouhSabry18101997.vhd" \
      EN work/Adder_MoustafaMamdouhSabry18101997 1622973279
FL "C:/Users/Hp/Desktop/CC311/Report/New folder/MIPSM_SingleCycle_MoustafaMamdouhSabry18101997/MIPS_SingleCycle_MoustafaMamdouhSabry18101997/ALUControl_MoustarfaMamdouhSabry18101997.vhd" 2021/06/05.22:01:37 P.58f
EN work/ALUControl_MoustarfaMamdouhSabry18101997 1622973277 \
      FL "C:/Users/Hp/Desktop/CC311/Report/New folder/MIPSM_SingleCycle_MoustafaMamdouhSabry18101997/MIPS_SingleCycle_MoustafaMamdouhSabry18101997/ALUControl_MoustarfaMamdouhSabry18101997.vhd" \
      PB ieee/std_logic_1164 1364358218
AR work/ALUControl_MoustarfaMamdouhSabry18101997/Behavioral 1622973278 \
      FL "C:/Users/Hp/Desktop/CC311/Report/New folder/MIPSM_SingleCycle_MoustafaMamdouhSabry18101997/MIPS_SingleCycle_MoustafaMamdouhSabry18101997/ALUControl_MoustarfaMamdouhSabry18101997.vhd" \
      EN work/ALUControl_MoustarfaMamdouhSabry18101997 1622973277
FL "C:/Users/Hp/Desktop/CC311/Report/New folder/MIPSM_SingleCycle_MoustafaMamdouhSabry18101997/MIPS_SingleCycle_MoustafaMamdouhSabry18101997/ALUMain_MoustafaMamdouhSabry18101997.vhd" 2021/06/05.22:57:57 P.58f
EN work/ALUMain_MoustafaMamdouhSabry18101997 1622973275 \
      FL "C:/Users/Hp/Desktop/CC311/Report/New folder/MIPSM_SingleCycle_MoustafaMamdouhSabry18101997/MIPS_SingleCycle_MoustafaMamdouhSabry18101997/ALUMain_MoustafaMamdouhSabry18101997.vhd" \
      PB ieee/std_logic_1164 1364358218 PB ieee/STD_LOGIC_UNSIGNED 1364358221 \
      PB ieee/NUMERIC_STD 1364358223
AR work/ALUMain_MoustafaMamdouhSabry18101997/Behavioral 1622973276 \
      FL "C:/Users/Hp/Desktop/CC311/Report/New folder/MIPSM_SingleCycle_MoustafaMamdouhSabry18101997/MIPS_SingleCycle_MoustafaMamdouhSabry18101997/ALUMain_MoustafaMamdouhSabry18101997.vhd" \
      EN work/ALUMain_MoustafaMamdouhSabry18101997 1622973275
FL "C:/Users/Hp/Desktop/CC311/Report/New folder/MIPSM_SingleCycle_MoustafaMamdouhSabry18101997/MIPS_SingleCycle_MoustafaMamdouhSabry18101997/ControlUnit_MoustafaMamdouhSabry18101997.vhd" 2021/06/05.21:46:08 P.58f
EN work/ControlUnit_MoustafaMamdouhSabry18101997 1622973269 \
      FL "C:/Users/Hp/Desktop/CC311/Report/New folder/MIPSM_SingleCycle_MoustafaMamdouhSabry18101997/MIPS_SingleCycle_MoustafaMamdouhSabry18101997/ControlUnit_MoustafaMamdouhSabry18101997.vhd" \
      PB ieee/std_logic_1164 1364358218
AR work/ControlUnit_MoustafaMamdouhSabry18101997/Behavioral 1622973270 \
      FL "C:/Users/Hp/Desktop/CC311/Report/New folder/MIPSM_SingleCycle_MoustafaMamdouhSabry18101997/MIPS_SingleCycle_MoustafaMamdouhSabry18101997/ControlUnit_MoustafaMamdouhSabry18101997.vhd" \
      EN work/ControlUnit_MoustafaMamdouhSabry18101997 1622973269
FL "C:/Users/Hp/Desktop/CC311/Report/New folder/MIPSM_SingleCycle_MoustafaMamdouhSabry18101997/MIPS_SingleCycle_MoustafaMamdouhSabry18101997/DataMemory_MoustafaMamdouhSabry18101997.vhd" 2021/06/05.22:10:51 P.58f
EN work/DataMemory_MoustafaMamdouhSabry18101997 1622973283 \
      FL "C:/Users/Hp/Desktop/CC311/Report/New folder/MIPSM_SingleCycle_MoustafaMamdouhSabry18101997/MIPS_SingleCycle_MoustafaMamdouhSabry18101997/DataMemory_MoustafaMamdouhSabry18101997.vhd" \
      PB ieee/std_logic_1164 1364358218 PB ieee/NUMERIC_STD 1364358223
AR work/DataMemory_MoustafaMamdouhSabry18101997/Behavioral 1622973284 \
      FL "C:/Users/Hp/Desktop/CC311/Report/New folder/MIPSM_SingleCycle_MoustafaMamdouhSabry18101997/MIPS_SingleCycle_MoustafaMamdouhSabry18101997/DataMemory_MoustafaMamdouhSabry18101997.vhd" \
      EN work/DataMemory_MoustafaMamdouhSabry18101997 1622973283
FL "C:/Users/Hp/Desktop/CC311/Report/New folder/MIPSM_SingleCycle_MoustafaMamdouhSabry18101997/MIPS_SingleCycle_MoustafaMamdouhSabry18101997/InstructionMemory_MoustafaMamdouhSabry18101997.vhd" 2021/06/05.22:10:51 P.58f
EN work/InstructionMemory_MoustafaMamdouhSabry18101997 1622973265 \
      FL "C:/Users/Hp/Desktop/CC311/Report/New folder/MIPSM_SingleCycle_MoustafaMamdouhSabry18101997/MIPS_SingleCycle_MoustafaMamdouhSabry18101997/InstructionMemory_MoustafaMamdouhSabry18101997.vhd" \
      PB ieee/std_logic_1164 1364358218 PB ieee/NUMERIC_STD 1364358223
AR work/InstructionMemory_MoustafaMamdouhSabry18101997/Behavioral 1622973266 \
      FL "C:/Users/Hp/Desktop/CC311/Report/New folder/MIPSM_SingleCycle_MoustafaMamdouhSabry18101997/MIPS_SingleCycle_MoustafaMamdouhSabry18101997/InstructionMemory_MoustafaMamdouhSabry18101997.vhd" \
      EN work/InstructionMemory_MoustafaMamdouhSabry18101997 1622973265
FL "C:/Users/Hp/Desktop/CC311/Report/New folder/MIPSM_SingleCycle_MoustafaMamdouhSabry18101997/MIPS_SingleCycle_MoustafaMamdouhSabry18101997/MIPSSingleCycle_MoustafaMamdouhSabry18101997.vhd" 2021/06/06.00:28:05 P.58f
EN work/MIPS_SingleCycle_MoustafaMamdouhSabry18101997 1622973289 \
      FL "C:/Users/Hp/Desktop/CC311/Report/New folder/MIPSM_SingleCycle_MoustafaMamdouhSabry18101997/MIPS_SingleCycle_MoustafaMamdouhSabry18101997/MIPSSingleCycle_MoustafaMamdouhSabry18101997.vhd" \
      PB ieee/std_logic_1164 1364358218 PB ieee/NUMERIC_STD 1364358223
AR work/MIPS_SingleCycle_MoustafaMamdouhSabry18101997/Behavioral 1622973290 \
      FL "C:/Users/Hp/Desktop/CC311/Report/New folder/MIPSM_SingleCycle_MoustafaMamdouhSabry18101997/MIPS_SingleCycle_MoustafaMamdouhSabry18101997/MIPSSingleCycle_MoustafaMamdouhSabry18101997.vhd" \
      EN work/MIPS_SingleCycle_MoustafaMamdouhSabry18101997 1622973289 \
      CP InstructionMemory_MoustafaMamdouhSabry18101997 \
      CP PCUnit_MoustafaMamdouhSabry18101997 \
      CP ControlUnit_MoustafaMamdouhSabry18101997 \
      CP ShitLeft_MoustafaMamdouhSabry18101997 \
      CP SignExtend_MoustafaMamdouhSabry18101997 \
      CP ALUMain_MoustafaMamdouhSabry18101997 \
      CP ALUControl_MoustarfaMamdouhSabry18101997 \
      CP Adder_MoustafaMamdouhSabry18101997 \
      CP Register_MoustafamamdouhSabry18101997 \
      CP DataMemory_MoustafaMamdouhSabry18101997 \
      CP Mux5B_MoustafaMamdouhSabry18101997 \
      CP Mux32B_MoustafaMamdouhSabry18101997
FL "C:/Users/Hp/Desktop/CC311/Report/New folder/MIPSM_SingleCycle_MoustafaMamdouhSabry18101997/MIPS_SingleCycle_MoustafaMamdouhSabry18101997/Mux32B_MoustafaMamdouhSabry18101997.vhd" 2021/06/05.21:38:01 P.58f
EN work/Mux5B_MoustafaMamdouhSabry18101997 1622973285 \
      FL "C:/Users/Hp/Desktop/CC311/Report/New folder/MIPSM_SingleCycle_MoustafaMamdouhSabry18101997/MIPS_SingleCycle_MoustafaMamdouhSabry18101997/Mux32B_MoustafaMamdouhSabry18101997.vhd" \
      PB ieee/std_logic_1164 1364358218
AR work/Mux5B_MoustafaMamdouhSabry18101997/Behavioral 1622973286 \
      FL "C:/Users/Hp/Desktop/CC311/Report/New folder/MIPSM_SingleCycle_MoustafaMamdouhSabry18101997/MIPS_SingleCycle_MoustafaMamdouhSabry18101997/Mux32B_MoustafaMamdouhSabry18101997.vhd" \
      EN work/Mux5B_MoustafaMamdouhSabry18101997 1622973285
FL "C:/Users/Hp/Desktop/CC311/Report/New folder/MIPSM_SingleCycle_MoustafaMamdouhSabry18101997/MIPS_SingleCycle_MoustafaMamdouhSabry18101997/Mux5B_MoustafaMamdouhSabry18101997.vhd" 2021/06/05.21:39:19 P.58f
EN work/Mux32B_MoustafaMamdouhSabry18101997 1622973287 \
      FL "C:/Users/Hp/Desktop/CC311/Report/New folder/MIPSM_SingleCycle_MoustafaMamdouhSabry18101997/MIPS_SingleCycle_MoustafaMamdouhSabry18101997/Mux5B_MoustafaMamdouhSabry18101997.vhd" \
      PB ieee/std_logic_1164 1364358218
AR work/Mux32B_MoustafaMamdouhSabry18101997/Behavioral 1622973288 \
      FL "C:/Users/Hp/Desktop/CC311/Report/New folder/MIPSM_SingleCycle_MoustafaMamdouhSabry18101997/MIPS_SingleCycle_MoustafaMamdouhSabry18101997/Mux5B_MoustafaMamdouhSabry18101997.vhd" \
      EN work/Mux32B_MoustafaMamdouhSabry18101997 1622973287
FL "C:/Users/Hp/Desktop/CC311/Report/New folder/MIPSM_SingleCycle_MoustafaMamdouhSabry18101997/MIPS_SingleCycle_MoustafaMamdouhSabry18101997/PCUnit_MoustafaMamdouhSabry18101997.vhd" 2021/06/05.22:37:35 P.58f
EN work/PCUnit_MoustafaMamdouhSabry18101997 1622973267 \
      FL "C:/Users/Hp/Desktop/CC311/Report/New folder/MIPSM_SingleCycle_MoustafaMamdouhSabry18101997/MIPS_SingleCycle_MoustafaMamdouhSabry18101997/PCUnit_MoustafaMamdouhSabry18101997.vhd" \
      PB ieee/std_logic_1164 1364358218
AR work/PCUnit_MoustafaMamdouhSabry18101997/Behavioral 1622973268 \
      FL "C:/Users/Hp/Desktop/CC311/Report/New folder/MIPSM_SingleCycle_MoustafaMamdouhSabry18101997/MIPS_SingleCycle_MoustafaMamdouhSabry18101997/PCUnit_MoustafaMamdouhSabry18101997.vhd" \
      EN work/PCUnit_MoustafaMamdouhSabry18101997 1622973267
FL "C:/Users/Hp/Desktop/CC311/Report/New folder/MIPSM_SingleCycle_MoustafaMamdouhSabry18101997/MIPS_SingleCycle_MoustafaMamdouhSabry18101997/Register_MoustafamamdouhSabry18101997.vhd" 2021/06/05.21:48:09 P.58f
EN work/Register_MoustafamamdouhSabry18101997 1622973281 \
      FL "C:/Users/Hp/Desktop/CC311/Report/New folder/MIPSM_SingleCycle_MoustafaMamdouhSabry18101997/MIPS_SingleCycle_MoustafaMamdouhSabry18101997/Register_MoustafamamdouhSabry18101997.vhd" \
      PB ieee/std_logic_1164 1364358218 PB ieee/NUMERIC_STD 1364358223
AR work/Register_MoustafamamdouhSabry18101997/Behavioral 1622973282 \
      FL "C:/Users/Hp/Desktop/CC311/Report/New folder/MIPSM_SingleCycle_MoustafaMamdouhSabry18101997/MIPS_SingleCycle_MoustafaMamdouhSabry18101997/Register_MoustafamamdouhSabry18101997.vhd" \
      EN work/Register_MoustafamamdouhSabry18101997 1622973281
FL "C:/Users/Hp/Desktop/CC311/Report/New folder/MIPSM_SingleCycle_MoustafaMamdouhSabry18101997/MIPS_SingleCycle_MoustafaMamdouhSabry18101997/ShitLeft_MoustafaMamdouhSabry18101997.vhd" 2021/06/05.21:42:33 P.58f
EN work/ShitLeft_MoustafaMamdouhSabry18101997 1622973271 \
      FL "C:/Users/Hp/Desktop/CC311/Report/New folder/MIPSM_SingleCycle_MoustafaMamdouhSabry18101997/MIPS_SingleCycle_MoustafaMamdouhSabry18101997/ShitLeft_MoustafaMamdouhSabry18101997.vhd" \
      PB ieee/std_logic_1164 1364358218 PB ieee/NUMERIC_STD 1364358223
AR work/ShitLeft_MoustafaMamdouhSabry18101997/Behavioral 1622973272 \
      FL "C:/Users/Hp/Desktop/CC311/Report/New folder/MIPSM_SingleCycle_MoustafaMamdouhSabry18101997/MIPS_SingleCycle_MoustafaMamdouhSabry18101997/ShitLeft_MoustafaMamdouhSabry18101997.vhd" \
      EN work/ShitLeft_MoustafaMamdouhSabry18101997 1622973271
FL "C:/Users/Hp/Desktop/CC311/Report/New folder/MIPSM_SingleCycle_MoustafaMamdouhSabry18101997/MIPS_SingleCycle_MoustafaMamdouhSabry18101997/SignExtend_MoustafaMamdouhSabry18101997.vhd" 2021/06/05.21:41:39 P.58f
EN work/SignExtend_MoustafaMamdouhSabry18101997 1622973273 \
      FL "C:/Users/Hp/Desktop/CC311/Report/New folder/MIPSM_SingleCycle_MoustafaMamdouhSabry18101997/MIPS_SingleCycle_MoustafaMamdouhSabry18101997/SignExtend_MoustafaMamdouhSabry18101997.vhd" \
      PB ieee/std_logic_1164 1364358218
AR work/SignExtend_MoustafaMamdouhSabry18101997/Behavioral 1622973274 \
      FL "C:/Users/Hp/Desktop/CC311/Report/New folder/MIPSM_SingleCycle_MoustafaMamdouhSabry18101997/MIPS_SingleCycle_MoustafaMamdouhSabry18101997/SignExtend_MoustafaMamdouhSabry18101997.vhd" \
      EN work/SignExtend_MoustafaMamdouhSabry18101997 1622973273
FL F:/Xilinx_Files/MIPS_SingleCycle_MoustafaMamdouhSabry18101997/Adder_MoustafaMamdouhSabry18101997.vhd 2021/06/05.21:40:34 P.58f
FL F:/Xilinx_Files/MIPS_SingleCycle_MoustafaMamdouhSabry18101997/ALUControl_MoustarfaMamdouhSabry18101997.vhd 2021/06/05.22:01:37 P.58f
FL F:/Xilinx_Files/MIPS_SingleCycle_MoustafaMamdouhSabry18101997/ALUMain_MoustafaMamdouhSabry18101997.vhd 2021/06/05.22:57:57 P.58f
FL F:/Xilinx_Files/MIPS_SingleCycle_MoustafaMamdouhSabry18101997/ControlUnit_MoustafaMamdouhSabry18101997.vhd 2021/06/05.21:46:08 P.58f
FL F:/Xilinx_Files/MIPS_SingleCycle_MoustafaMamdouhSabry18101997/DataMemory_MoustafaMamdouhSabry18101997.vhd 2021/06/05.22:10:51 P.58f
FL F:/Xilinx_Files/MIPS_SingleCycle_MoustafaMamdouhSabry18101997/InstructionMemory_MoustafaMamdouhSabry18101997.vhd 2021/06/05.22:10:51 P.58f
FL F:/Xilinx_Files/MIPS_SingleCycle_MoustafaMamdouhSabry18101997/MIPSSingleCycle_MoustafaMamdouhSabry18101997.vhd 2021/06/05.22:57:28 P.58f
EN work/SingleCycle_MIPS_MahmoudSaeed_18102867 1622926718 \
      FL F:/Xilinx_Files/MIPS_SingleCycle_MoustafaMamdouhSabry18101997/MIPSSingleCycle_MoustafaMamdouhSabry18101997.vhd \
      PB ieee/std_logic_1164 1364358218 PB ieee/NUMERIC_STD 1364358223
AR work/SingleCycle_MIPS_MahmoudSaeed_18102867/Behavioral 1622926719 \
      FL F:/Xilinx_Files/MIPS_SingleCycle_MoustafaMamdouhSabry18101997/MIPSSingleCycle_MoustafaMamdouhSabry18101997.vhd \
      EN work/SingleCycle_MIPS_MahmoudSaeed_18102867 1622926718 \
      CP PCUnit_MoustafaMamdouhSabry18101997 \
      CP InstructionMemory_MoustafaMamdouhSabry18101997 \
      CP Mux5B_MoustafaMamdouhSabry18101997 \
      CP Mux32B_MoustafaMamdouhSabry18101997 \
      CP Adder_MoustafaMamdouhSabry18101997 \
      CP ShitLeft_MoustafaMamdouhSabry18101997 \
      CP ControlUnit_MoustafaMamdouhSabry18101997 \
      CP SignExtend_MoustafaMamdouhSabry18101997 \
      CP ALUMain_MoustafaMamdouhSabry18101997 \
      CP ALUControl_MoustarfaMamdouhSabry18101997 \
      CP Register_MoustafamamdouhSabry18101997 \
      CP DataMemory_MoustafaMamdouhSabry18101997
FL F:/Xilinx_Files/MIPS_SingleCycle_MoustafaMamdouhSabry18101997/Mux32B_MoustafaMamdouhSabry18101997.vhd 2021/06/05.21:38:01 P.58f
FL F:/Xilinx_Files/MIPS_SingleCycle_MoustafaMamdouhSabry18101997/Mux5B_MoustafaMamdouhSabry18101997.vhd 2021/06/05.21:39:19 P.58f
FL F:/Xilinx_Files/MIPS_SingleCycle_MoustafaMamdouhSabry18101997/PCUnit_MoustafaMamdouhSabry18101997.vhd 2021/06/05.22:37:35 P.58f
FL F:/Xilinx_Files/MIPS_SingleCycle_MoustafaMamdouhSabry18101997/Register_MoustafamamdouhSabry18101997.vhd 2021/06/05.21:48:09 P.58f
FL F:/Xilinx_Files/MIPS_SingleCycle_MoustafaMamdouhSabry18101997/ShitLeft_MoustafaMamdouhSabry18101997.vhd 2021/06/05.21:42:33 P.58f
FL F:/Xilinx_Files/MIPS_SingleCycle_MoustafaMamdouhSabry18101997/SignExtend_MoustafaMamdouhSabry18101997.vhd 2021/06/05.21:41:39 P.58f
